chrom	intron_start	intron_end	strand	uniq_mapped_count	multi_mapped_count	unsure_mapped_count	max_left_overhang	max_right_overhang	confidence	splice_sites	name
chr10	5098879	5099326	.	1	0	0	80	17	0		sj0
chr10	5453560	5454264	.	41	0	0	68	86	4.03		sj1
chr10	5454522	5454947	.	53	0	0	87	89	4.39		sj2
chr10	5455118	5456086	.	45	0	0	85	90	4.75		sj3
chr10	5456273	5456587	.	46	0	0	86	79	4.69		sj4
